// Jest Snapshot v1, https://goo.gl/fbAQLP

exports[`test thunk actions test create new ad to bew not permited 1`] = `
Array [
  Object {
    "type": "loader/enable/adform",
  },
  Object {
    "type": "loader/disable/all",
  },
]
`;
